// Jest Snapshot v1, https://goo.gl/fbAQLP

exports[`Layout component renders correctly (snapshot + presence de Toolbar/Sidebar/Router) 1`] = `
<div>
  <div
    class="MuiBox-root css-k008qs"
  >
    <div
      data-testid="mock-toolbar"
    >
      mock-toolbar
    </div>
    <div
      data-testid="mock-sidebar"
    >
      mock-sidebar
    </div>
    <main
      class="css-19jaq6i"
    >
      <div
        class="css-1x551m1"
      />
      <div
        data-testid="mock-router"
      >
        router
      </div>
    </main>
  </div>
</div>
`;
