// Jest Snapshot v1, https://goo.gl/fbAQLP

exports[`CreditsCard CreditsCard matches snapshot 1`] = `
<div>
  <button
    class="MuiButtonBase-root MuiButton-root MuiButton-text MuiButton-textPrimary MuiButton-sizeMedium MuiButton-textSizeMedium MuiButton-colorPrimary MuiButton-root MuiButton-text MuiButton-textPrimary MuiButton-sizeMedium MuiButton-textSizeMedium MuiButton-colorPrimary css-1uent87-MuiButtonBase-root-MuiButton-root"
    tabindex="0"
    type="button"
  >
    <div
      class="MuiBox-root css-1ug4zxe"
    >
      <img
        alt="3CpplugYH0Te"
        class="MuiBox-root css-17yky46"
        loading="lazy"
        src="https://image.tmdb.org/t/p/originalaGTqxm8FGpgY"
      />
      <h6
        class="MuiTypography-root MuiTypography-subtitle2 MuiTypography-noWrap css-13k9d3g-MuiTypography-root"
      >
        3CpplugYH0Te
      </h6>
      <span
        class="MuiTypography-root MuiTypography-caption MuiTypography-noWrap css-fgvunj-MuiTypography-root"
        data-testid="cast-credit-info"
      >
        2025
         as
         
        i1CDBoab94WJ
      </span>
    </div>
  </button>
</div>
`;
