// Jest Snapshot v1, https://goo.gl/fbAQLP

exports[`MovieCardSkeleton MovieCardSkeleton matches snapshot 1`] = `
<div>
  <div
    class="MuiBox-root css-79elbk"
  >
    <span
      class="MuiSkeleton-root MuiSkeleton-rectangular MuiSkeleton-pulse css-h33yhd-MuiSkeleton-root"
      style="width: 100%; height: 200px;"
    />
    <div
      class="MuiBox-root css-ism2yd"
    >
      <div
        class="MuiBox-root css-1rr4qq7"
      >
        <span
          class="MuiSkeleton-root MuiSkeleton-text MuiSkeleton-pulse css-kkcbhd-MuiSkeleton-root"
          style="width: 80%;"
        />
        <span
          class="MuiSkeleton-root MuiSkeleton-text MuiSkeleton-pulse css-kkcbhd-MuiSkeleton-root"
          style="width: 100%;"
        />
        <span
          class="MuiSkeleton-root MuiSkeleton-text MuiSkeleton-pulse css-kkcbhd-MuiSkeleton-root"
          style="width: 40%;"
        />
      </div>
      <span
        class="MuiSkeleton-root MuiSkeleton-rectangular MuiSkeleton-pulse css-1tzq9ic-MuiSkeleton-root"
        style="width: 80px; height: 30px;"
      />
    </div>
  </div>
</div>
`;
