// Jest Snapshot v1, https://goo.gl/fbAQLP

exports[`ActorPage should render actor and show credits 1`] = `
<div>
  <main
    class="MuiBox-root css-vuvul"
  >
    <div
      class="MuiBox-root css-3jp51e"
    >
      <img
        alt="3CpplugYH0Te"
        class="MuiBox-root css-e19die"
        loading="lazy"
        src="https://image.tmdb.org/t/p/originalaGTqxm8FGpgY"
      />
      <div
        class="MuiBox-root css-huqchk"
      >
        <h4
          class="MuiTypography-root MuiTypography-h4 MuiTypography-gutterBottom css-1it4a80-MuiTypography-root"
        >
          3CpplugYH0Te
        </h4>
        <p
          class="MuiTypography-root MuiTypography-body2 MuiTypography-gutterBottom css-1bub9p-MuiTypography-root"
        >
          Hi1CDBoab94W
        </p>
        <p
          class="MuiTypography-root MuiTypography-body2 MuiTypography-gutterBottom css-ytim1c-MuiTypography-root"
        >
          <strong>
            Born:
          </strong>
           
          Invalid Date
           in
           
          Cule9Hf9ARlH
        </p>
        <p
          class="MuiTypography-root MuiTypography-body2 MuiTypography-gutterBottom css-ytim1c-MuiTypography-root"
        >
          <strong>
            Died:
          </strong>
           
          Invalid Date
        </p>
        <p
          class="MuiTypography-root MuiTypography-body2 MuiTypography-gutterBottom css-ytim1c-MuiTypography-root"
        >
          <strong>
            Homepage:
          </strong>
           
          <a
            class="MuiTypography-root MuiTypography-inherit MuiLink-root MuiLink-underlineAlways css-1orsvah-MuiTypography-root-MuiLink-root"
            href="NxpFGg8vVqP4"
            rel="noopener"
            target="_blank"
          >
            NxpFGg8vVqP4
          </a>
        </p>
        <div
          class="MuiBox-root css-2w3808"
        >
          <div
            class="MuiChip-root MuiChip-filled MuiChip-sizeSmall MuiChip-colorDefault MuiChip-filledDefault css-1lflu6f-MuiChip-root"
          >
            <span
              class="MuiChip-label MuiChip-labelSmall css-eccknh-MuiChip-label"
            >
              B5C8tX1UIZGt
            </span>
          </div>
          <div
            class="MuiChip-root MuiChip-filled MuiChip-sizeSmall MuiChip-colorDefault MuiChip-filledDefault css-1lflu6f-MuiChip-root"
          >
            <span
              class="MuiChip-label MuiChip-labelSmall css-eccknh-MuiChip-label"
            >
              vtBJOdECaRyB
            </span>
          </div>
        </div>
        <div
          class="MuiBox-root css-h5fkc8"
        >
          <h6
            class="MuiTypography-root MuiTypography-h6 MuiTypography-gutterBottom css-1wmifpn-MuiTypography-root"
          >
            Biography
          </h6>
          <p
            class="MuiTypography-root MuiTypography-body1 css-c04sfq-MuiTypography-root"
          >
            6hAszpwS6bDY
          </p>
        </div>
      </div>
      <div
        class="MuiBox-root css-1kk4q3i"
      >
        <h6
          class="MuiTypography-root MuiTypography-h6 MuiTypography-gutterBottom css-1wmifpn-MuiTypography-root"
        >
          Credits
        </h6>
        <div
          class="MuiBox-root css-j510m5"
        >
          <div
            class="MuiBox-root css-1tu59u4"
          >
            <div
              data-testid="mock-credits-card"
            >
              fCv8hVvQUP3c
            </div>
          </div>
          <div
            class="MuiBox-root css-1tu59u4"
          >
            <div
              data-testid="mock-credits-card"
            >
              5EyEWWSUkwE8
            </div>
          </div>
          <div
            class="MuiBox-root css-1tu59u4"
          >
            <div
              data-testid="mock-credits-card"
            >
              VGCbCWgYKde4
            </div>
          </div>
        </div>
      </div>
    </div>
  </main>
</div>
`;
